=~=~=~=~=~=~=~=~=~=~=~= PuTTY log 2025.09.05 11:12:40 =~=~=~=~=~=~=~=~=~=~=~=

$GPS,Rover,09:12:31,1,Fix GPS,47.2748968692,-1.5067528638

$GPS,_Base,09:12:31,2,Fix DGPS,47.2748879193,-1.5066972125

$PQTMSVINSTATUS,1,465169000.0,1,,12,172,300,4333838.8058,-113992.2025,4662607.8335,1.5139*1C


$GPS,Rover,09:12:32,1,Fix GPS,47.2748991835,-1.5067542568

$GPS,_Base,09:12:32,2,Fix DGPS,47.2748878288,-1.5066969643

$PQTMSVINSTATUS,1,465170000.0,1,,12,173,300,4333838.8114,-113992.2042,4662607.8380,1.4951*14


$GPS,Rover,09:12:33,1,Fix GPS,47.2749011130,-1.5067556473

$GPS,_Base,09:12:33,2,Fix DGPS,47.2748875713,-1.5066967330

$PQTMSVINSTATUS,1,465171000.0,1,,12,174,300,4333838.8173,-113992.2058,4662607.8426,1.4575*19


$GPS,Rover,09:12:34,1,Fix GPS,47.2749025302,-1.5067568627

$GPS,Rover,09:12:35,1,Fix GPS,47.2749037710,-1.5067579063

$GPS,_Base,09:12:35,2,Fix DGPS,47.2748861663,-1.5066952468

$PQTMSVINSTATUS,1,465173000.0,1,,12,176,300,4333838.8298,-113992.2079,4662607.8506,1.4461*1B


$GPS,Rover,09:12:36,1,Fix GPS,47.2749047542,-1.5067587627

$GPS,_Base,09:12:36,2,Fix DGPS,47.2748852342,-1.5066944873

$PQTMSVINSTATUS,1,465174000.0,1,,12,177,300,4333838.8362,-113992.2085,4662607.8535,1.4656*1C


$GPS,Rover,09:12:37,1,Fix GPS,47.2749061783,-1.5067596695

$GPS,_Base,09:12:37,2,Fix DGPS,47.2748843873,-1.5066939173

$PQTMSVINSTATUS,1,465175000.0,1,,12,178,300,4333838.8424,-113992.2088,4662607.8556,1.4563*1A


$GPS,Rover,09:12:38,1,Fix GPS,47.2749071905,-1.5067605143

$GPS,Rover,09:12:39,1,Fix GPS,47.2749081013,-1.5067613042

$GPS,_Base,09:12:39,2,Fix DGPS,47.2748834152,-1.5066925053

$PQTMSVINSTATUS,1,465177000.0,1,,12,180,300,4333838.8532,-113992.2086,4662607.8564,1.4461*15


$GPS,Rover,09:12:40,1,Fix GPS,47.2749090075,-1.5067619753

$GPS,_Base,09:12:40,2,Fix DGPS,47.2748831825,-1.5066920172

$PQTMSVINSTATUS,1,465178000.0,1,,12,181,300,4333838.8572,-113992.2081,4662607.8551,1.4119*14


$GPS,Rover,09:12:41,1,Fix GPS,47.2749096032,-1.5067629990

$GPS,_Base,09:12:41,2,Fix DGPS,47.2748828427,-1.5066915970

$PQTMSVINSTATUS,1,465179000.0,1,,12,182,300,4333838.8607,-113992.2074,4662607.8530,1.3805*19


$GPS,Rover,09:12:42,1,Fix GPS,47.2749101635,-1.5067642300

$GPS,_Base,09:12:42,2,Fix DGPS,47.2748832920,-1.5066921395

$PQTMSVINSTATUS,1,465180000.0,1,,12,183,300,4333838.8636,-113992.2069,4662607.8507,1.3764*1C


$GPS,Rover,09:12:43,1,Fix GPS,47.2749100850,-1.5067654723

$GPS,Rover,09:12:44,1,Fix GPS,47.2749099150,-1.5067668700

$GPS,_Base,09:12:44,2,Fix DGPS,47.2748827630,-1.5066928200

$PQTMSVINSTATUS,1,465182000.0,1,,12,185,300,4333838.8691,-113992.2064,4662607.8456,1.4014*1A


$GPS,Rover,09:12:45,1,Fix GPS,47.2749099215,-1.5067677525

$GPS,_Base,09:12:45,2,Fix DGPS,47.2748826858,-1.5066932957

$PQTMSVINSTATUS,1,465183000.0,1,,12,186,300,4333838.8722,-113992.2064,4662607.8431,1.4321*15


$GPS,Rover,09:12:46,1,Fix GPS,47.2749100155,-1.5067691262

$GPS,_Base,09:12:46,2,Fix DGPS,47.2748823877,-1.5066936810

$PQTMSVINSTATUS,1,465184000.0,1,,12,187,300,4333838.8756,-113992.2065,4662607.8408,1.4237*1D


$GPS,Rover,09:12:47,1,Fix GPS,47.2749105443,-1.5067707862

$GPS,_Base,09:12:47,2,Fix DGPS,47.2748816062,-1.5066934508

$PQTMSVINSTATUS,1,465185000.0,1,,12,188,300,4333838.8795,-113992.2066,4662607.8385,1.4633*1D


$GPS,Rover,09:12:48,1,Fix GPS,47.2749107647,-1.5067718110

$GPS,_Base,09:12:48,2,Fix DGPS,47.2748809840,-1.5066931142

$PQTMSVINSTATUS,1,465186000.0,1,,12,189,300,4333838.8838,-113992.2066,4662607.8361,1.5518*16


$GPS,Rover,09:12:49,1,Fix GPS,47.2749107713,-1.5067726577

$GPS,_Base,09:12:49,2,Fix DGPS,47.2748804132,-1.5066924743

$PQTMSVINSTATUS,1,465187000.0,1,,12,190,300,4333838.8886,-113992.2063,4662607.8338,1.4654*19


$GPS,Rover,09:12:50,1,Fix GPS,47.2749107255,-1.5067725358

$GPS,_Base,09:12:50,2,Fix DGPS,47.2748800985,-1.5066916950

$PQTMSVINSTATUS,1,465188000.0,1,,12,191,300,4333838.8936,-113992.2058,4662607.8316,1.5186*10


$GPS,Rover,09:12:51,1,Fix GPS,47.2749113073,-1.5067725975

$GPS,Rover,09:12:52,1,Fix GPS,47.2749112130,-1.5067728963

$GPS,_Base,09:12:52,2,Fix DGPS,47.2748799762,-1.5066889655

$PQTMSVINSTATUS,1,465190000.0,1,,12,193,300,4333838.9034,-113992.2031,4662607.8270,1.4985*15


$GPS,Rover,09:12:53,1,Fix GPS,47.2749117595,-1.5067731300

$GPS,_Base,09:12:53,2,Fix DGPS,47.2748799283,-1.5066874263

$PQTMSVINSTATUS,1,465191000.0,1,,12,194,300,4333838.9084,-113992.2009,4662607.8247,1.5359*1D


$GPS,Rover,09:12:54,1,Fix GPS,47.2749125152,-1.5067736188

$GPS,_Base,09:12:54,2,Fix DGPS,47.2748800298,-1.5066860715

$PQTMSVINSTATUS,1,465192000.0,1,,12,195,300,4333838.9132,-113992.1982,4662607.8225,1.4985*14


$GPS,Rover,09:12:55,1,Fix GPS,47.2749132082,-1.5067738870

$GPS,Rover,09:12:56,1,Fix GPS,47.2749138790,-1.5067741668

$GPS,_Base,09:12:56,2,Fix DGPS,47.2748791758,-1.5066846372

$PQTMSVINSTATUS,1,465194000.0,1,,12,197,300,4333838.9239,-113992.1920,4662607.8183,1.4776*1D


$GPS,Rover,09:12:57,1,Fix GPS,47.2749139337,-1.5067745313

$GPS,_Base,09:12:57,2,Fix DGPS,47.2748787808,-1.5066842540

$PQTMSVINSTATUS,1,465195000.0,1,,12,198,300,4333838.9298,-113992.1887,4662607.8163,1.5191*14


$GPS,Rover,09:12:58,1,Fix GPS,47.2749145430,-1.5067743992

$GPS,_Base,09:12:58,2,Fix DGPS,47.2748786478,-1.5066840663

$PQTMSVINSTATUS,1,465196000.0,1,,12,199,300,4333838.9357,-113992.1854,4662607.8144,1.5063*13


$GPS,Rover,09:12:59,1,Fix GPS,47.2749150785,-1.5067740898

$PQTMSVINSTATUS,1,465197000.0,1,,12,200,300,4333838.9416,-113992.1821,4662607.8124,1.5697*1A


$GPS,Rover,09:13:00,1,Fix GPS,47.2749159508,-1.5067734762

$GPS,Rover,09:13:01,1,Fix GPS,47.2749159290,-1.5067729297

$GPS,_Base,09:13:01,2,Fix DGPS,47.2748782432,-1.5066842075

$PQTMSVINSTATUS,1,465199000.0,1,,12,202,300,4333838.9529,-113992.1757,4662607.8078,1.6074*15


$GPS,Rover,09:13:02,1,Fix GPS,47.2749162110,-1.5067723512

$GPS,_Base,09:13:02,2,Fix DGPS,47.2748791872,-1.5066839125

$PQTMSVINSTATUS,1,465200000.0,1,,12,203,300,4333838.9575,-113992.1724,4662607.8052,1.6512*17


$GPS,Rover,09:13:03,1,Fix GPS,47.2749167303,-1.5067716283

$GPS,_Base,09:13:03,2,Fix DGPS,47.2748798310,-1.5066835485

$PQTMSVINSTATUS,1,465201000.0,1,,12,204,300,4333838.9612,-113992.1690,4662607.8023,1.6730*19


$GPS,Rover,09:13:04,1,Fix GPS,47.2749184083,-1.5067708183

$GPS,_Base,09:13:04,2,Fix DGPS,47.2748803255,-1.5066838932

$PQTMSVINSTATUS,1,465202000.0,1,,12,205,300,4333838.9643,-113992.1658,4662607.7991,1.6039*1A


$GPS,Rover,09:13:05,1,Fix GPS,47.2749188237,-1.5067712307

$GPS,_Base,09:13:05,2,Fix DGPS,47.2748808535,-1.5066844440

$PQTMSVINSTATUS,1,465203000.0,1,,12,206,300,4333838.9667,-113992.1627,4662607.7957,1.5424*17


$GPS,Rover,09:13:06,1,Fix GPS,47.2749191652,-1.5067715893

$GPS,_Base,09:13:06,2,Fix DGPS,47.2748811327,-1.5066851315

$PQTMSVINSTATUS,1,465204000.0,1,,12,207,300,4333838.9685,-113992.1599,4662607.7919,1.5054*12


$GPS,Rover,09:13:07,1,Fix GPS,47.2749193122,-1.5067719892

$GPS,_Base,09:13:07,2,Fix DGPS,47.2748813525,-1.5066858747

$PQTMSVINSTATUS,1,465205000.0,1,,12,208,300,4333838.9696,-113992.1574,4662607.7875,1.4825*19


$GPS,Rover,09:13:08,1,Fix GPS,47.2749195702,-1.5067726597

$GPS,_Base,09:13:08,2,Fix DGPS,47.2748831482,-1.5066879503

$PQTMSVINSTATUS,1,465206000.0,1,,12,209,300,4333838.9693,-113992.1557,4662607.7832,1.4879*15


$GPS,Rover,09:13:09,1,Fix GPS,47.2749197923,-1.5067735400

$GPS,_Base,09:13:09,2,Fix DGPS,47.2748846792,-1.5066893158

$PQTMSVINSTATUS,1,465207000.0,1,,12,210,300,4333838.9676,-113992.1544,4662607.7786,1.5366*11

PAIR > $PAIR010,0,0,2382,465327*31


$GPS,Rover,09:13:10,1,Fix GPS,47.2749192075,-1.5067734092

$GPS,_Base,09:13:10,2,Fix DGPS,47.2748860620,-1.5066907875

$PQTMSVINSTATUS,1,465208000.0,1,,12,211,300,4333838.9648,-113992.1536,4662607.7739,1.4353*14


$GPS,Rover,09:13:11,1,Fix GPS,47.2749184827,-1.5067732673

$GPS,_Base,09:13:11,2,Fix DGPS,47.2748869702,-1.5066918160

$PQTMSVINSTATUS,1,465209000.0,1,,12,212,300,4333838.9611,-113992.1532,4662607.7689,1.4398*13


$GPS,Rover,09:13:12,1,Fix GPS,47.2749186220,-1.5067744920

$GPS,_Base,09:13:12,2,Fix DGPS,47.2748877172,-1.5066924957

$PQTMSVINSTATUS,1,465210000.0,1,,12,213,300,4333838.9567,-113992.1530,4662607.7639,1.4271*17


$GPS,Rover,09:13:13,1,Fix GPS,47.2749183868,-1.5067753022

$GPS,_Base,09:13:13,2,Fix DGPS,47.2748881040,-1.5066926912

$PQTMSVINSTATUS,1,465211000.0,1,,12,214,300,4333838.9522,-113992.1528,4662607.7589,1.3698*15


$GPS,Rover,09:13:14,1,Fix GPS,47.2749182342,-1.5067762827

$GPS,_Base,09:13:14,2,Fix DGPS,47.2748881678,-1.5066928087

$PQTMSVINSTATUS,1,465212000.0,1,,12,215,300,4333838.9479,-113992.1527,4662607.7543,1.4016*16


$GPS,Rover,09:13:15,2,Fix DGPS,47.2749177298,-1.5067771103

$GPS,_Base,09:13:15,2,Fix DGPS,47.2748877593,-1.5066927512

$PQTMSVINSTATUS,1,465213000.0,1,,12,216,300,4333838.9442,-113992.1526,4662607.7499,1.4205*1B


$GPS,Rover,09:13:16,2,Fix DGPS,47.2749180285,-1.5067771543

$GPS,_Base,09:13:16,2,Fix DGPS,47.2748870848,-1.5066927068

$PQTMSVINSTATUS,1,465214000.0,1,,12,217,300,4333838.9409,-113992.1525,4662607.7456,1.4325*11


$GPS,Rover,09:13:17,2,Fix DGPS,47.2749181037,-1.5067772008

$PQTMSVINSTATUS,1,465215000.0,1,,12,218,300,4333838.9383,-113992.1524,4662607.7413,1.4204*18


$GPS,Rover,09:13:18,2,Fix DGPS,47.2749184823,-1.5067772710

$GPS,_Base,09:13:18,2,Fix DGPS,47.2748851273,-1.5066922833

$PQTMSVINSTATUS,1,465216000.0,1,,12,219,300,4333838.9369,-113992.1522,4662607.7375,1.4239*11


$GPS,Rover,09:13:19,2,Fix DGPS,47.2749184993,-1.5067772720

$GPS,_Base,09:13:19,2,Fix DGPS,47.2748846610,-1.5066922312

$PQTMSVINSTATUS,1,465217000.0,1,,12,220,300,4333838.9366,-113992.1520,4662607.7345,1.5232*1E


$GPS,Rover,09:13:20,2,Fix DGPS,47.2749184502,-1.5067773157

$GPS,_Base,09:13:20,2,Fix DGPS,47.2748841453,-1.5066918223

$PQTMSVINSTATUS,1,465218000.0,1,,12,221,300,4333838.9374,-113992.1517,4662607.7325,1.3959*11


$GPS,Rover,09:13:21,2,Fix DGPS,47.2749181910,-1.5067774968

$PQTMSVINSTATUS,1,465219000.0,1,,12,222,300,4333838.9392,-113992.1513,4662607.7312,1.4030*1A


$GPS,Rover,09:13:22,2,Fix DGPS,47.2749180608,-1.5067781808

$GPS,_Base,09:13:22,2,Fix DGPS,47.2748836428,-1.5066913257

$PQTMSVINSTATUS,1,465220000.0,1,,12,223,300,4333838.9418,-113992.1509,4662607.7308,1.4045*16


$GPS,Rover,09:13:23,2,Fix DGPS,47.2749178290,-1.5067788130

$GPS,_Base,09:13:23,2,Fix DGPS,47.2748837092,-1.5066911197

$PQTMSVINSTATUS,1,465221000.0,1,,12,224,300,4333838.9450,-113992.1505,4662607.7311,1.4099*19


$GPS,Rover,09:13:24,2,Fix DGPS,47.2749184095,-1.5067798663

$GPS,_Base,09:13:24,2,Fix DGPS,47.2748841550,-1.5066908710

$PQTMSVINSTATUS,1,465222000.0,1,,12,225,300,4333838.9487,-113992.1499,4662607.7321,1.4256*17


$GPS,Rover,09:13:25,2,Fix DGPS,47.2749187960,-1.5067805742

$GPS,_Base,09:13:25,2,Fix DGPS,47.2748844067,-1.5066908420

$PQTMSVINSTATUS,1,465223000.0,1,,12,226,300,4333838.9526,-113992.1494,4662607.7337,1.4281*1F


$GPS,Rover,09:13:26,2,Fix DGPS,47.2749191550,-1.5067809335

$GPS,_Base,09:13:26,2,Fix DGPS,47.2748849915,-1.5066908573

$PQTMSVINSTATUS,1,465224000.0,1,,12,227,300,4333838.9566,-113992.1489,4662607.7359,1.4402*14


$GPS,Rover,09:13:27,2,Fix DGPS,47.2749194278,-1.5067808695

$GPS,_Base,09:13:27,2,Fix DGPS,47.2748859765,-1.5066908440

$PQTMSVINSTATUS,1,465225000.0,1,,12,228,300,4333838.9606,-113992.1484,4662607.7388,1.4718*16


$GPS,Rover,09:13:28,2,Fix DGPS,47.2749190560,-1.5067803688

$GPS,_Base,09:13:28,2,Fix DGPS,47.2748860217,-1.5066918078

$PQTMSVINSTATUS,1,465226000.0,1,,12,229,300,4333838.9645,-113992.1482,4662607.7416,1.5202*1A


$GPS,Rover,09:13:29,2,Fix DGPS,47.2749184393,-1.5067800633

$PQTMSVINSTATUS,1,465227000.0,1,,12,230,300,4333838.9684,-113992.1481,4662607.7439,1.5029*1B


$GPS,Rover,09:13:30,2,Fix DGPS,47.2749176713,-1.5067793510

$GPS,_Base,09:13:30,2,Fix DGPS,47.2748843550,-1.5066917685

$PQTMSVINSTATUS,1,465228000.0,1,,12,231,300,4333838.9724,-113992.1479,4662607.7456,1.5124*1C


$GPS,Rover,09:13:31,2,Fix DGPS,47.2749167297,-1.5067786493

$GPS,_Base,09:13:31,2,Fix DGPS,47.2748836162,-1.5066915323

$PQTMSVINSTATUS,1,465229000.0,1,,12,232,300,4333838.9765,-113992.1476,4662607.7470,1.4581*1A


$GPS,Rover,09:13:32,2,Fix DGPS,47.2749157432,-1.5067783625

$GPS,_Base,09:13:32,2,Fix DGPS,47.2748829138,-1.5066912882

$PQTMSVINSTATUS,1,465230000.0,1,,12,233,300,4333838.9804,-113992.1473,4662607.7477,1.4876*1C


$GPS,Rover,09:13:33,2,Fix DGPS,47.2749158668,-1.5067777460

$GPS,_Base,09:13:33,2,Fix DGPS,47.2748821345,-1.5066908943

$PQTMSVINSTATUS,1,465231000.0,1,,12,234,300,4333838.9843,-113992.1468,4662607.7479,1.5020*17


$GPS,Rover,09:13:34,2,Fix DGPS,47.2749156175,-1.5067768483

$GPS,_Base,09:13:34,2,Fix DGPS,47.2748813843,-1.5066907322

$PQTMSVINSTATUS,1,465232000.0,1,,12,235,300,4333838.9881,-113992.1463,4662607.7474,1.5155*1E


$GPS,Rover,09:13:35,2,Fix DGPS,47.2749155550,-1.5067761943

$GPS,_Base,09:13:35,2,Fix DGPS,47.2748808208,-1.5066905827

$PQTMSVINSTATUS,1,465233000.0,1,,12,236,300,4333838.9919,-113992.1457,4662607.7466,1.4868*1E


$GPS,Rover,09:13:36,2,Fix DGPS,47.2749153208,-1.5067751507

$GPS,_Base,09:13:36,2,Fix DGPS,47.2748802888,-1.5066906263

$PQTMSVINSTATUS,1,465234000.0,1,,12,237,300,4333838.9955,-113992.1452,4662607.7453,1.4539*1A


$GPS,Rover,09:13:37,2,Fix DGPS,47.2749150457,-1.5067744415

$GPS,_Base,09:13:37,2,Fix DGPS,47.2748797985,-1.5066906370

$PQTMSVINSTATUS,1,465235000.0,1,,12,238,300,4333838.9990,-113992.1446,4662607.7436,1.4672*17


$GPS,Rover,09:13:38,2,Fix DGPS,47.2749142492,-1.5067737678

$GPS,_Base,09:13:38,2,Fix DGPS,47.2748794342,-1.5066907540

$PQTMSVINSTATUS,1,465236000.0,1,,12,239,300,4333839.0023,-113992.1441,4662607.7415,1.5110*18


$GPS,_Base,09:13:39,2,Fix DGPS,47.2748789735,-1.5066908833

$PQTMSVINSTATUS,1,465237000.0,1,,12,240,300,4333839.0054,-113992.1437,4662607.7389,1.5000*14


$GPS,Rover,09:13:39,2,Fix DGPS,47.2749139923,-1.5067728735

$GPS,Rover,09:13:40,2,Fix DGPS,47.2749135922,-1.5067720735

$GPS,_Base,09:13:40,2,Fix DGPS,47.2748785932,-1.5066908777

$PQTMSVINSTATUS,1,465238000.0,1,,12,241,300,4333839.0084,-113992.1432,4662607.7359,1.5412*18


$GPS,Rover,09:13:41,2,Fix DGPS,47.2749133343,-1.5067714923

$GPS,_Base,09:13:41,2,Fix DGPS,47.2748783370,-1.5066906917

$PQTMSVINSTATUS,1,465239000.0,1,,12,242,300,4333839.0112,-113992.1427,4662607.7326,1.5290*14


$GPS,Rover,09:13:42,2,Fix DGPS,47.2749129515,-1.5067710328

$GPS,_Base,09:13:42,2,Fix DGPS,47.2748783258,-1.5066906863

$PQTMSVINSTATUS,1,465240000.0,1,,12,243,300,4333839.0138,-113992.1422,4662607.7291,1.5056*13


$GPS,Rover,09:13:43,2,Fix DGPS,47.2749128443,-1.5067704617

$GPS,_Base,09:13:43,2,Fix DGPS,47.2748787538,-1.5066903727

$PQTMSVINSTATUS,1,465241000.0,1,,12,244,300,4333839.0163,-113992.1416,4662607.7259,1.4840*16


$GPS,Rover,09:13:44,2,Fix DGPS,47.2749128267,-1.5067695850

$GPS,_Base,09:13:44,2,Fix DGPS,47.2748790503,-1.5066901575

$PQTMSVINSTATUS,1,465242000.0,1,,12,245,300,4333839.0189,-113992.1409,4662607.7230,1.5485*15


$GPS,Rover,09:13:45,2,Fix DGPS,47.2749129577,-1.5067690715

$GPS,_Base,09:13:45,2,Fix DGPS,47.2748807223,-1.5066913460

$PQTMSVINSTATUS,1,465243000.0,1,,12,246,300,4333839.0213,-113992.1406,4662607.7210,1.5669*1A


$GPS,Rover,09:13:46,2,Fix DGPS,47.2749135708,-1.5067688982

$GPS,_Base,09:13:46,2,Fix DGPS,47.2748823037,-1.5066922838

$PQTMSVINSTATUS,1,465244000.0,1,,12,247,300,4333839.0232,-113992.1405,4662607.7197,1.5062*1D


$GPS,Rover,09:13:47,2,Fix DGPS,47.2749140665,-1.5067690282

$GPS,_Base,09:13:47,2,Fix DGPS,47.2748828138,-1.5066929545

$PQTMSVINSTATUS,1,465245000.0,1,,12,248,300,4333839.0253,-113992.1407,4662607.7190,1.5237*13


$GPS,Rover,09:13:48,2,Fix DGPS,47.2749150372,-1.5067694862

$GPS,_Base,09:13:48,2,Fix DGPS,47.2748836528,-1.5066934443

$PQTMSVINSTATUS,1,465246000.0,1,,12,249,300,4333839.0277,-113992.1410,4662607.7191,1.4336*11


$GPS,Rover,09:13:49,2,Fix DGPS,47.2749156990,-1.5067699015

$GPS,_Base,09:13:49,2,Fix DGPS,47.2748841723,-1.5066935077

$PQTMSVINSTATUS,1,465247000.0,1,,12,250,300,4333839.0304,-113992.1414,4662607.7199,1.3905*1C


$GPS,Rover,09:13:50,2,Fix DGPS,47.2749158110,-1.5067697080

$GPS,_Base,09:13:50,2,Fix DGPS,47.2748839978,-1.5066934268

$PQTMSVINSTATUS,1,465248000.0,1,,12,251,300,4333839.0337,-113992.1417,4662607.7212,1.7944*10


$GPS,Rover,09:13:51,2,Fix DGPS,47.2749157802,-1.5067695493

$PQTMSVINSTATUS,1,465249000.0,1,,12,252,300,4333839.0374,-113992.1420,4662607.7226,1.8662*12


$GPS,Rover,09:13:52,2,Fix DGPS,47.2749158335,-1.5067691090

$GPS,_Base,09:13:52,2,Fix DGPS,47.2748831775,-1.5066925445

$PQTMSVINSTATUS,1,465250000.0,1,,12,253,300,4333839.0412,-113992.1421,4662607.7241,1.8536*1E


$GPS,Rover,09:13:53,2,Fix DGPS,47.2749157972,-1.5067685972

$GPS,_Base,09:13:53,2,Fix DGPS,47.2748852538,-1.5066927868

$PQTMSVINSTATUS,1,465251000.0,1,,12,254,300,4333839.0453,-113992.1423,4662607.7272,1.4490*1E


$GPS,Rover,09:13:54,2,Fix DGPS,47.2749159943,-1.5067681572

$GPS,_Base,09:13:54,2,Fix DGPS,47.2748871440,-1.5066927650

$PQTMSVINSTATUS,1,465252000.0,1,,12,255,300,4333839.0496,-113992.1424,4662607.7317,1.4384*12


$GPS,Rover,09:13:55,2,Fix DGPS,47.2749163418,-1.5067678913

$GPS,Rover,09:13:56,2,Fix DGPS,47.2749164582,-1.5067676823

$GPS,_Base,09:13:56,2,Fix DGPS,47.2748886567,-1.5066917805

$PQTMSVINSTATUS,1,465254000.0,1,,12,257,300,4333839.0599,-113992.1423,4662607.7442,1.4325*13


$GPS,Rover,09:13:57,2,Fix DGPS,47.2749168485,-1.5067673987

$GPS,_Base,09:13:57,2,Fix DGPS,47.2748890695,-1.5066917037

$PQTMSVINSTATUS,1,465255000.0,1,,12,258,300,4333839.0659,-113992.1422,4662607.7517,1.4305*10


$GPS,Rover,09:13:58,2,Fix DGPS,47.2749171637,-1.5067672787

$GPS,_Base,09:13:58,2,Fix DGPS,47.2748893383,-1.5066919808

$PQTMSVINSTATUS,1,465256000.0,1,,12,259,300,4333839.0722,-113992.1422,4662607.7598,1.4361*1A


$GPS,Rover,09:13:59,2,Fix DGPS,47.2749179045,-1.5067668992

$GPS,Rover,09:14:00,2,Fix DGPS,47.2749182943,-1.5067672277

$GPS,_Base,09:14:00,2,Fix DGPS,47.2748897340,-1.5066936240

$PQTMSVINSTATUS,1,465258000.0,1,,12,261,300,4333839.0850,-113992.1428,4662607.7764,1.4455*1E


$GPS,Rover,09:14:01,2,Fix DGPS,47.2749178370,-1.5067681807

$GPS,_Base,09:14:01,2,Fix DGPS,47.2748899885,-1.5066952662

$PQTMSVINSTATUS,1,465259000.0,1,,12,262,300,4333839.0911,-113992.1437,4662607.7847,1.4797*15


$GPS,Rover,09:14:02,2,Fix DGPS,47.2749175808,-1.5067697483

$GPS,Rover,09:14:03,2,Fix DGPS,47.2749174638,-1.5067714107

$GPS,_Base,09:14:03,2,Fix DGPS,47.2748898737,-1.5066964588

$PQTMSVINSTATUS,1,465261000.0,1,,12,264,300,4333839.1016,-113992.1463,4662607.7994,1.5231*11


$GPS,Rover,09:14:04,2,Fix DGPS,47.2749175207,-1.5067730218

$GPS,_Base,09:14:04,2,Fix DGPS,47.2748909030,-1.5066954045

$PQTMSVINSTATUS,1,465262000.0,1,,12,265,300,4333839.1057,-113992.1472,4662607.8060,1.5482*15


$GPS,Rover,09:14:05,2,Fix DGPS,47.2749175785,-1.5067746003

$GPS,_Base,09:14:05,2,Fix DGPS,47.2748916758,-1.5066944688

$PQTMSVINSTATUS,1,465263000.0,1,,12,266,300,4333839.1089,-113992.1478,4662607.8121,1.5435*16


$GPS,Rover,09:14:06,2,Fix DGPS,47.2749176052,-1.5067761743

$GPS,_Base,09:14:06,2,Fix DGPS,47.2748920258,-1.5066932863

$PQTMSVINSTATUS,1,465264000.0,1,,12,267,300,4333839.1113,-113992.1480,4662607.8176,1.5132*15


$GPS,Rover,09:14:07,2,Fix DGPS,47.2749174178,-1.5067776252

$GPS,_Base,09:14:07,2,Fix DGPS,47.2748921637,-1.5066922667

$PQTMSVINSTATUS,1,465265000.0,1,,12,268,300,4333839.1131,-113992.1480,4662607.8224,1.4780*11


$GPS,Rover,09:14:08,2,Fix DGPS,47.2749169678,-1.5067780012

$GPS,_Base,09:14:08,2,Fix DGPS,47.2748919115,-1.5066910225

$PQTMSVINSTATUS,1,465266000.0,1,,12,269,300,4333839.1144,-113992.1476,4662607.8265,1.4848*16


$GPS,Rover,09:14:09,2,Fix DGPS,47.2749164978,-1.5067783747

$GPS,_Base,09:14:09,2,Fix DGPS,47.2748914438,-1.5066899507

$PQTMSVINSTATUS,1,465267000.0,1,,12,270,300,4333839.1153,-113992.1469,4662607.8298,1.5105*14

PAIR > $PAIR010,0,0,2382,465387*3B


$GPS,Rover,09:14:10,2,Fix DGPS,47.2749161953,-1.5067782590

$GPS,_Base,09:14:10,2,Fix DGPS,47.2748907010,-1.5066891432

$PQTMSVINSTATUS,1,465268000.0,1,,12,271,300,4333839.1155,-113992.1459,4662607.8319,1.5283*1A


$GPS,Rover,09:14:11,2,Fix DGPS,47.2749160375,-1.5067783087

$GPS,_Base,09:14:11,2,Fix DGPS,47.2748902505,-1.5066883515

$PQTMSVINSTATUS,1,465269000.0,1,,12,272,300,4333839.1153,-113992.1447,4662607.8333,1.4528*1E


$GPS,Rover,09:14:12,2,Fix DGPS,47.2749157822,-1.5067785333

$GPS,_Base,09:14:12,2,Fix DGPS,47.2748896018,-1.5066873082

$PQTMSVINSTATUS,1,465270000.0,1,,12,273,300,4333839.1148,-113992.1432,4662607.8340,1.4702*11


$GPS,Rover,09:14:13,2,Fix DGPS,47.2749155583,-1.5067781373

$GPS,_Base,09:14:13,2,Fix DGPS,47.2748888618,-1.5066864915

$GPS,Rover,09:14:14,2,Fix DGPS,47.2749154880,-1.5067775547

$GPS,_Base,09:14:14,2,Fix DGPS,47.2748882235,-1.5066858160

$PQTMSVINSTATUS,1,465272000.0,1,,12,275,300,4333839.1133,-113992.1397,4662607.8334,1.4968*10


$GPS,Rover,09:14:15,2,Fix DGPS,47.2749157938,-1.5067767490

$GPS,_Base,09:14:15,2,Fix DGPS,47.2748878755,-1.5066851035

$PQTMSVINSTATUS,1,465273000.0,1,,12,276,300,4333839.1123,-113992.1376,4662607.8325,1.4800*13


$GPS,Rover,09:14:16,2,Fix DGPS,47.2749163703,-1.5067761438

$GPS,_Base,09:14:16,2,Fix DGPS,47.2748875875,-1.5066843868

$PQTMSVINSTATUS,1,465274000.0,1,,12,277,300,4333839.1112,-113992.1354,4662607.8313,1.4485*13


$GPS,Rover,09:14:17,2,Fix DGPS,47.2749176333,-1.5067754162

$GPS,Rover,09:14:18,2,Fix DGPS,47.2749189087,-1.5067742227

$GPS,_Base,09:14:18,2,Fix DGPS,47.2748870085,-1.5066833197

$GPS,Rover,09:14:19,2,Fix DGPS,47.2749201305,-1.5067731767

$GPS,_Base,09:14:19,2,Fix DGPS,47.2748855775,-1.5066836303

$PQTMSVINSTATUS,1,465277000.0,1,,12,280,300,4333839.1086,-113992.1281,4662607.8266,1.4329*1F


$GPS,Rover,09:14:20,2,Fix DGPS,47.2749214703,-1.5067717533

$GPS,_Base,09:14:20,2,Fix DGPS,47.2748844080,-1.5066836777

$PQTMSVINSTATUS,1,465278000.0,1,,12,281,300,4333839.1090,-113992.1258,4662607.8252,1.4460*1F


$GPS,Rover,09:14:21,2,Fix DGPS,47.2749225645,-1.5067702497

$GPS,Rover,09:14:22,2,Fix DGPS,47.2749234870,-1.5067686652

$GPS,_Base,09:14:22,2,Fix DGPS,47.2748831147,-1.5066841362

$GPS,Rover,09:14:23,2,Fix DGPS,47.2749240213,-1.5067670568

$GPS,_Base,09:14:23,2,Fix DGPS,47.2748825408,-1.5066842508

$PQTMSVINSTATUS,1,465281000.0,1,,12,284,300,4333839.1101,-113992.1193,4662607.8185,1.4093*10


$GPS,Rover,09:14:24,2,Fix DGPS,47.2749246320,-1.5067656363

$GPS,_Base,09:14:24,2,Fix DGPS,47.2748821305,-1.5066844423

$PQTMSVINSTATUS,1,465282000.0,1,,12,285,300,4333839.1103,-113992.1172,4662607.8156,1.3795*17


$GPS,Rover,09:14:25,2,Fix DGPS,47.2749252698,-1.5067643732

$PQTMSVINSTATUS,1,465283000.0,1,,12,286,300,4333839.1105,-113992.1153,4662607.8126,1.4746*1E


$GPS,Rover,09:14:26,2,Fix DGPS,47.2749260848,-1.5067623123

$GPS,_Base,09:14:26,2,Fix DGPS,47.2748822107,-1.5066851287

$GPS,Rover,09:14:27,2,Fix DGPS,47.2749262372,-1.5067611398

$GPS,_Base,09:14:27,2,Fix DGPS,47.2748833732,-1.5066862917

$PQTMSVINSTATUS,1,465285000.0,1,,12,288,300,4333839.1107,-113992.1119,4662607.8075,1.3998*17


$GPS,Rover,09:14:28,2,Fix DGPS,47.2749260030,-1.5067604987

$GPS,_Base,09:14:28,2,Fix DGPS,47.2748833880,-1.5066869103

$PQTMSVINSTATUS,1,465286000.0,1,,12,289,300,4333839.1107,-113992.1105,4662607.8052,1.4351*15


$GPS,Rover,09:14:29,2,Fix DGPS,47.2749256112,-1.5067603250

$PQTMSVINSTATUS,1,465287000.0,1,,12,290,300,4333839.1109,-113992.1094,4662607.8027,1.3965*13


$GPS,Rover,09:14:30,2,Fix DGPS,47.2749242695,-1.5067597195

$GPS,_Base,09:14:30,2,Fix DGPS,47.2748826787,-1.5066888808

$GPS,Rover,09:14:31,2,Fix DGPS,47.2749230057,-1.5067592958

$GPS,_Base,09:14:31,2,Fix DGPS,47.2748831780,-1.5066895058

$PQTMSVINSTATUS,1,465289000.0,1,,12,292,300,4333839.1112,-113992.1079,4662607.7981,1.3613*12


$GPS,Rover,09:14:32,2,Fix DGPS,47.2749220183,-1.5067588742

$GPS,_Base,09:14:32,2,Fix DGPS,47.2748835022,-1.5066900597

$PQTMSVINSTATUS,1,465290000.0,1,,12,293,300,4333839.1116,-113992.1074,4662607.7963,1.3543*18


$GPS,Rover,09:14:33,2,Fix DGPS,47.2749207983,-1.5067584185

$GPS,_Base,09:14:33,2,Fix DGPS,47.2748835225,-1.5066907958

$PQTMSVINSTATUS,1,465291000.0,1,,12,294,300,4333839.1120,-113992.1071,4662607.7946,1.6946*15


$GPS,Rover,09:14:34,2,Fix DGPS,47.2749203272,-1.5067582863

$GPS,_Base,09:14:34,2,Fix DGPS,47.2748836013,-1.5066904018

$PQTMSVINSTATUS,1,465292000.0,1,,12,295,300,4333839.1134,-113992.1067,4662607.7941,1.4915*16


$GPS,Rover,09:14:35,2,Fix DGPS,47.2749199653,-1.5067583515

$GPS,_Base,09:14:35,2,Fix DGPS,47.2748836768,-1.5066902612

$PQTMSVINSTATUS,1,465293000.0,1,,12,296,300,4333839.1156,-113992.1063,4662607.7943,1.4529*15


$GPS,Rover,09:14:36,2,Fix DGPS,47.2749192918,-1.5067585132

$GPS,_Base,09:14:36,2,Fix DGPS,47.2748838672,-1.5066901270

$PQTMSVINSTATUS,1,465294000.0,1,,12,297,300,4333839.1183,-113992.1059,4662607.7954,1.4419*16


$GPS,Rover,09:14:37,2,Fix DGPS,47.2749185862,-1.5067593520

$GPS,_Base,09:14:37,2,Fix DGPS,47.2748841320,-1.5066897928

$PQTMSVINSTATUS,1,465295000.0,1,,12,298,300,4333839.1215,-113992.1054,4662607.7971,1.4403*15


$GPS,Rover,09:14:38,2,Fix DGPS,47.2749180643,-1.5067604452

$GPS,_Base,09:14:38,2,Fix DGPS,47.2748845142,-1.5066896202

$PQTMSVINSTATUS,1,465296000.0,1,,12,299,300,4333839.1249,-113992.1048,4662607.7993,1.4325*1C


$GPS,Rover,09:14:39,2,Fix DGPS,47.2749178518,-1.5067612697

$GPS,_Base,09:14:39,2,Fix DGPS,47.2748843662,-1.5066893345

$GPS,Rover,09:14:40,2,Fix DGPS,47.2749178125,-1.5067622308

$GPS,Rover,09:14:41,2,Fix DGPS,47.2749173717,-1.5067627957

$GPS,Rover,09:14:42,2,Fix DGPS,47.2749172795,-1.5067633197

$GPS,Rover,09:14:43,2,Fix DGPS,47.2749172745,-1.5067637448

$PQTMSVINSTATUS,1,465297000.0,2,,12,300,300,4333839.1286,-113992.1042,4662607.8016,1.5172*1C


$GPS,Rover,09:14:44,2,Fix DGPS,47.2749173922,-1.5067640703

$GPS,_Base,09:14:44,0,NO Fix

$GPS,Rover,09:14:45,2,Fix DGPS,47.2749176613,-1.5067643770

$GPS,_Base,09:14:45,0,NO Fix

$GPS,Rover,09:14:46,2,Fix DGPS,47.2749182828,-1.5067638640

$GPS,_Base,09:14:46,0,NO Fix

$GPS,Rover,09:14:47,2,Fix DGPS,47.2749190395,-1.5067635705

$GPS,_Base,09:14:47,0,NO Fix

$GPS,Rover,09:14:48,2,Fix DGPS,47.2749199298,-1.5067627815

$GPS,_Base,09:14:48,0,NO Fix

$GPS,Rover,09:14:49,2,Fix DGPS,47.2749208507,-1.5067623858

$GPS,_Base,09:14:49,0,NO Fix

$GPS,Rover,09:14:50,2,Fix DGPS,47.2749217607,-1.5067611252

$GPS,_Base,09:14:50,0,NO Fix

$GPS,Rover,09:14:51,2,Fix DGPS,47.2749223283,-1.5067604230

$GPS,_Base,09:14:51,0,NO Fix

$GPS,Rover,09:14:52,2,Fix DGPS,47.2749227382,-1.5067596095

$GPS,_Base,09:14:52,0,NO Fix

$GPS,Rover,09:14:53,2,Fix DGPS,47.2749225582,-1.5067587825

$GPS,_Base,09:14:53,0,NO Fix

$GPS,Rover,09:14:54,2,Fix DGPS,47.2749223278,-1.5067580523

$GPS,_Base,09:14:54,0,NO Fix

$GPS,Rover,09:14:55,2,Fix DGPS,47.2749221212,-1.5067575180

$GPS,_Base,09:14:55,0,NO Fix

$GPS,Rover,09:14:56,2,Fix DGPS,47.2749226677,-1.5067579457

$GPS,_Base,09:14:56,0,NO Fix

$GPS,Rover,09:14:57,5,Fix Float RTK,47.2749165643,-1.5067626402

$GPS,_Base,09:14:57,0,NO Fix

$GPS,Rover,09:14:58,5,Fix Float RTK,47.2749133493,-1.5067633395

$GPS,_Base,09:14:58,0,NO Fix

$GPS,Rover,09:14:59,5,Fix Float RTK,47.2749137952,-1.5067587207

$GPS,_Base,09:14:59,0,NO Fix

$GPS,Rover,09:15:00,5,Fix Float RTK,47.2749162457,-1.5067625122

$GPS,_Base,09:15:00,0,NO Fix

$GPS,Rover,09:15:01,5,Fix Float RTK,47.2749113828,-1.5067625527

$GPS,_Base,09:15:01,0,NO Fix

$GPS,Rover,09:15:02,5,Fix Float RTK,47.2749076127,-1.5067600720

$GPS,_Base,09:15:02,0,NO Fix

$GPS,Rover,09:15:03,5,Fix Float RTK,47.2749036653,-1.5067543433

$GPS,_Base,09:15:03,0,NO Fix

$GPS,Rover,09:15:04,5,Fix Float RTK,47.2749020378,-1.5067525505

$GPS,_Base,09:15:04,0,NO Fix

$GPS,Rover,09:15:05,5,Fix Float RTK,47.2749013178,-1.5067472957

$GPS,_Base,09:15:05,0,NO Fix

$GPS,Rover,09:15:06,5,Fix Float RTK,47.2749009343,-1.5067444935

$GPS,_Base,09:15:06,0,NO Fix

$GPS,Rover,09:15:07,5,Fix Float RTK,47.2749109938,-1.5067534758

$GPS,_Base,09:15:07,0,NO Fix

$GPS,Rover,09:15:08,5,Fix Float RTK,47.2749151358,-1.5067581883

$GPS,_Base,09:15:08,0,NO Fix

$GPS,Rover,09:15:09,5,Fix Float RTK,47.2749204373,-1.5067644392

$GPS,Rover,09:15:10,5,Fix Float RTK,47.2749178450,-1.5067619473

$GPS,Rover,09:15:11,5,Fix Float RTK,47.2749140852,-1.5067588080

$GPS,_Base,09:15:11,1,Fix GPS,47.2749337027,-1.5066828148

$GPS,_Base,09:15:12,1,Fix GPS,47.2749285150,-1.5066825125

$GPS,Rover,09:15:12,5,Fix Float RTK,47.2749133165,-1.5067597003

$GPS,Rover,09:15:13,5,Fix Float RTK,47.2749134800,-1.5067599300

$GPS,Rover,09:15:14,5,Fix Float RTK,47.2749133677,-1.5067598622

$GPS,Rover,09:15:15,5,Fix Float RTK,47.2749133795,-1.5067600793

$GPS,_Base,09:15:16,1,Fix GPS,47.2749110470,-1.5066806632

$GPS,Rover,09:15:16,5,Fix Float RTK,47.2749126192,-1.5067604710

$GPS,_Base,09:15:17,1,Fix GPS,47.2749074788,-1.5066851828

$GPS,Rover,09:15:17,4,Fix RTK,47.2749241595,-1.5067656155

$GPS,Rover,09:15:18,4,Fix RTK,47.2749241192,-1.5067656188

$GPS,Rover,09:15:19,4,Fix RTK,47.2749241543,-1.5067656315

$GPS,_Base,09:15:20,1,Fix GPS,47.2749049868,-1.5066933288

$GPS,Rover,09:15:20,4,Fix RTK,47.2749241552,-1.5067656365

$GPS,_Base,09:15:21,1,Fix GPS,47.2749050788,-1.5066967742

$GPS,Rover,09:15:21,4,Fix RTK,47.2749241535,-1.5067656422

$GPS,Rover,09:15:22,4,Fix RTK,47.2749241463,-1.5067656387

$GPS,Rover,09:15:23,4,Fix RTK,47.2749241488,-1.5067656397

$GPS,Rover,09:15:24,4,Fix RTK,47.2749241575,-1.5067656563

$GPS,_Base,09:15:25,1,Fix GPS,47.2749044673,-1.5067057545

$GPS,Rover,09:15:25,4,Fix RTK,47.2749241517,-1.5067656227

$GPS,_Base,09:15:26,1,Fix GPS,47.2749038842,-1.5067067975

$GPS,Rover,09:15:26,4,Fix RTK,47.2749241368,-1.5067656132

$GPS,Rover,09:15:27,4,Fix RTK,47.2749241385,-1.5067656500

$GPS,Rover,09:15:28,4,Fix RTK,47.2749241462,-1.5067656377

$GPS,_Base,09:15:29,1,Fix GPS,47.2749024042,-1.5067087445

$GPS,Rover,09:15:29,4,Fix RTK,47.2749241503,-1.5067656542

$GPS,_Base,09:15:30,1,Fix GPS,47.2749019552,-1.5067088627

$GPS,Rover,09:15:30,4,Fix RTK,47.2749241602,-1.5067656535

$GPS,Rover,09:15:31,4,Fix RTK,47.2749241595,-1.5067656505

$GPS,Rover,09:15:32,4,Fix RTK,47.2749241663,-1.5067656390

$GPS,Rover,09:15:33,4,Fix RTK,47.2749241542,-1.5067656512

$GPS,_Base,09:15:34,1,Fix GPS,47.2748992327,-1.5067078615

$GPS,Rover,09:15:34,4,Fix RTK,47.2749241728,-1.5067656523

$GPS,Rover,09:15:35,4,Fix RTK,47.2749241802,-1.5067656403

$GPS,Rover,09:15:36,4,Fix RTK,47.2749241582,-1.5067656368

$GPS,Rover,09:15:37,4,Fix RTK,47.2749241890,-1.5067656593

$GPS,_Base,09:15:38,1,Fix GPS,47.2748974222,-1.5067051670

$GPS,Rover,09:15:38,4,Fix RTK,47.2749241738,-1.5067656445

$GPS,_Base,09:15:39,1,Fix GPS,47.2748967378,-1.5067042248

$GPS,Rover,09:15:39,4,Fix RTK,47.2749241553,-1.5067656420

$GPS,Rover,09:15:40,4,Fix RTK,47.2749241873,-1.5067656672

$GPS,Rover,09:15:41,4,Fix RTK,47.2749241610,-1.5067656465

$GPS,_Base,09:15:42,1,Fix GPS,47.2748957975,-1.5067003413

$GPS,Rover,09:15:42,4,Fix RTK,47.2749241725,-1.5067656350

$GPS,_Base,09:15:43,1,Fix GPS,47.2748956047,-1.5066995348

$GPS,Rover,09:15:43,4,Fix RTK,47.2749241693,-1.5067656555

$GPS,Rover,09:15:44,4,Fix RTK,47.2749241787,-1.5067656723

$GPS,Rover,09:15:45,4,Fix RTK,47.2749241582,-1.5067656723

$GPS,Rover,09:15:46,4,Fix RTK,47.2749241708,-1.5067656680

$GPS,_Base,09:15:47,1,Fix GPS,47.2748943237,-1.5066964267

$GPS,Rover,09:15:47,4,Fix RTK,47.2749241840,-1.5067656783

$GPS,Rover,09:15:48,4,Fix RTK,47.2749241873,-1.5067657038

$GPS,Rover,09:15:49,4,Fix RTK,47.2749241583,-1.5067656685

$GPS,Rover,09:15:50,4,Fix RTK,47.2749241630,-1.5067656885

$GPS,_Base,09:15:51,1,Fix GPS,47.2748946973,-1.5066946988

$GPS,Rover,09:15:51,4,Fix RTK,47.2749241620,-1.5067656743

$GPS,Rover,09:15:52,4,Fix RTK,47.2749241765,-1.5067656768

$GPS,Rover,09:15:53,4,Fix RTK,47.2749241605,-1.5067656843

$GPS,Rover,09:15:54,4,Fix RTK,47.2749241528,-1.5067656687

$GPS,_Base,09:15:55,1,Fix GPS,47.2748948878,-1.5066929708

$GPS,Rover,09:15:55,4,Fix RTK,47.2749241643,-1.5067656740

$GPS,Rover,09:15:56,4,Fix RTK,47.2749241378,-1.5067656687

$GPS,Rover,09:15:57,4,Fix RTK,47.2749241857,-1.5067656722

$GPS,Rover,09:15:58,4,Fix RTK,47.2749241757,-1.5067656752

$GPS,_Base,09:15:59,1,Fix GPS,47.2748943247,-1.5066921192

$GPS,Rover,09:15:59,4,Fix RTK,47.2749241622,-1.5067656750

$GPS,_Base,09:16:00,1,Fix GPS,47.2748945145,-1.5066919905

$GPS,Rover,09:16:00,4,Fix RTK,47.2749241497,-1.5067656595

$GPS,Rover,09:16:01,4,Fix RTK,47.2749241590,-1.5067656595

$GPS,Rover,09:16:02,4,Fix RTK,47.2749241642,-1.5067656585

$GPS,Rover,09:16:03,4,Fix RTK,47.2749241708,-1.5067656820

$GPS,_Base,09:16:04,1,Fix GPS,47.2748958927,-1.5066912152

$GPS,Rover,09:16:04,4,Fix RTK,47.2749241547,-1.5067656940

$GPS,Rover,09:16:05,4,Fix RTK,47.2749241562,-1.5067657055

$GPS,Rover,09:16:06,4,Fix RTK,47.2749241578,-1.5067656792

$GPS,Rover,09:16:07,4,Fix RTK,47.2749241503,-1.5067656897

$GPS,_Base,09:16:08,1,Fix GPS,47.2748974465,-1.5066933255

$GPS,Rover,09:16:08,4,Fix RTK,47.2749241483,-1.5067656972

$GPS,_Base,09:16:09,1,Fix GPS,47.2748977772,-1.5066941008

$GPS,Rover,09:16:09,4,Fix RTK,47.2749241492,-1.5067656442
PAIR > $PAIR010,0,0,2382,465387*3B


$GPS,Rover,09:16:10,4,Fix RTK,47.2749241528,-1.5067656682

$GPS,Rover,09:16:11,4,Fix RTK,47.2749241543,-1.5067656955

$GPS,_Base,09:16:12,1,Fix GPS,47.2748982912,-1.5066956340

$GPS,Rover,09:16:12,4,Fix RTK,47.2749241597,-1.5067656962

$GPS,_Base,09:16:13,1,Fix GPS,47.2748985233,-1.5066961590

$GPS,Rover,09:16:13,4,Fix RTK,47.2749241413,-1.5067656707

$GPS,_Base,09:16:14,1,Fix GPS,47.2748986185,-1.5066962738

$GPS,Rover,09:16:14,4,Fix RTK,47.2749241540,-1.5067656778

$GPS,Rover,09:16:15,4,Fix RTK,47.2749241558,-1.5067656702

$GPS,Rover,09:16:16,4,Fix RTK,47.2749241683,-1.5067656728

$GPS,_Base,09:16:17,1,Fix GPS,47.2748986052,-1.5066976888

$GPS,Rover,09:16:17,4,Fix RTK,47.2749241567,-1.5067656682

$GPS,Rover,09:16:18,4,Fix RTK,47.2749241682,-1.5067656778

$GPS,_Base,09:16:19,1,Fix GPS,47.2748977992,-1.5066975047

$GPS,Rover,09:16:19,4,Fix RTK,47.2749241513,-1.5067656627

$GPS,Rover,09:16:20,4,Fix RTK,47.2749241648,-1.5067656738

$GPS,_Base,09:16:21,1,Fix GPS,47.2748968053,-1.5066965172

$GPS,Rover,09:16:21,4,Fix RTK,47.2749241457,-1.5067656432

$GPS,Rover,09:16:22,4,Fix RTK,47.2749241677,-1.5067656700

$GPS,Rover,09:16:23,4,Fix RTK,47.2749241543,-1.5067656650

$GPS,Rover,09:16:24,4,Fix RTK,47.2749241578,-1.5067656760

$GPS,_Base,09:16:25,1,Fix GPS,47.2748952708,-1.5066933605

$GPS,Rover,09:16:25,4,Fix RTK,47.2749241377,-1.5067656702

$GPS,_Base,09:16:26,1,Fix GPS,47.2748948732,-1.5066926722

$GPS,Rover,09:16:26,4,Fix RTK,47.2749241563,-1.5067656623

$GPS,Rover,09:16:27,4,Fix RTK,47.2749241388,-1.5067656663

$GPS,Rover,09:16:28,4,Fix RTK,47.2749241558,-1.5067656400

$GPS,_Base,09:16:29,1,Fix GPS,47.2748944273,-1.5066894597

$GPS,Rover,09:16:29,4,Fix RTK,47.2749241462,-1.5067656515

$GPS,_Base,09:16:30,1,Fix GPS,47.2748946783,-1.5066889312

$GPS,Rover,09:16:30,4,Fix RTK,47.2749241563,-1.5067656375

$GPS,Rover,09:16:31,4,Fix RTK,47.2749241682,-1.5067656490

$GPS,Rover,09:16:32,4,Fix RTK,47.2749241735,-1.5067656537

$GPS,Rover,09:16:33,4,Fix RTK,47.2749241680,-1.5067656410

$GPS,_Base,09:16:34,1,Fix GPS,47.2748949725,-1.5066858995

$GPS,Rover,09:16:34,4,Fix RTK,47.2749241780,-1.5067656492

$GPS,Rover,09:16:35,4,Fix RTK,47.2749241890,-1.5067656550

$GPS,Rover,09:16:36,4,Fix RTK,47.2749241635,-1.5067656365

$GPS,Rover,09:16:37,4,Fix RTK,47.2749241510,-1.5067656537

$GPS,_Base,09:16:38,1,Fix GPS,47.2748945330,-1.5066822003

$GPS,Rover,09:16:38,4,Fix RTK,47.2749241493,-1.5067656377

$GPS,_Base,09:16:39,1,Fix GPS,47.2748943110,-1.5066812825

$GPS,Rover,09:16:39,4,Fix RTK,47.2749241757,-1.5067656455

$GPS,Rover,09:16:40,4,Fix RTK,47.2749241373,-1.5067656533

$GPS,_Base,09:16:41,1,Fix GPS,47.2748938523,-1.5066790365

$GPS,Rover,09:16:41,4,Fix RTK,47.2749241680,-1.5067656332

$GPS,_Base,09:16:42,1,Fix GPS,47.2748934338,-1.5066783760

$GPS,Rover,09:16:42,4,Fix RTK,47.2749241578,-1.5067656455

$GPS,_Base,09:16:43,1,Fix GPS,47.2748932002,-1.5066775833

$GPS,Rover,09:16:43,4,Fix RTK,47.2749241583,-1.5067656340

$GPS,Rover,09:16:44,4,Fix RTK,47.2749241390,-1.5067656503

$GPS,Rover,09:16:45,4,Fix RTK,47.2749241563,-1.5067656523

$GPS,Rover,09:16:46,4,Fix RTK,47.2749241480,-1.5067656417

$GPS,_Base,09:16:47,1,Fix GPS,47.2748912228,-1.5066748088

$GPS,Rover,09:16:47,4,Fix RTK,47.2749241402,-1.5067656535

$GPS,Rover,09:16:48,4,Fix RTK,47.2749241500,-1.5067656538

$GPS,Rover,09:16:49,4,Fix RTK,47.2749241535,-1.5067656528

$GPS,Rover,09:16:50,4,Fix RTK,47.2749241605,-1.5067656570

$GPS,_Base,09:16:51,1,Fix GPS,47.2748888555,-1.5066742422

$GPS,Rover,09:16:51,4,Fix RTK,47.2749241580,-1.5067656512

$GPS,_Base,09:16:52,1,Fix GPS,47.2748881658,-1.5066740962

$GPS,Rover,09:16:52,4,Fix RTK,47.2749241535,-1.5067656533

$GPS,Rover,09:16:53,4,Fix RTK,47.2749241412,-1.5067656437

$GPS,Rover,09:16:54,4,Fix RTK,47.2749241623,-1.5067656585

$GPS,_Base,09:16:55,1,Fix GPS,47.2748863743,-1.5066738145

$GPS,Rover,09:16:55,4,Fix RTK,47.2749241485,-1.5067656583

$GPS,Rover,09:16:56,4,Fix RTK,47.2749241413,-1.5067656657

$GPS,Rover,09:16:57,4,Fix RTK,47.2749241487,-1.5067656582

$GPS,Rover,09:16:58,4,Fix RTK,47.2749241452,-1.5067656615

$GPS,Rover,09:16:59,4,Fix RTK,47.2749241308,-1.5067656637

$GPS,_Base,09:17:00,1,Fix GPS,47.2748842165,-1.5066739328

$GPS,Rover,09:17:00,4,Fix RTK,47.2749241328,-1.5067656743

$GPS,Rover,09:17:01,4,Fix RTK,47.2749241575,-1.5067656718

$GPS,Rover,09:17:02,4,Fix RTK,47.2749241585,-1.5067656718

$GPS,Rover,09:17:03,4,Fix RTK,47.2749241492,-1.5067656648

$GPS,_Base,09:17:04,1,Fix GPS,47.2748828090,-1.5066749967

$GPS,Rover,09:17:04,4,Fix RTK,47.2749241512,-1.5067656635

$GPS,_Base,09:17:05,1,Fix GPS,47.2748825005,-1.5066752608

$GPS,Rover,09:17:05,4,Fix RTK,47.2749241412,-1.5067656760

$GPS,Rover,09:17:06,4,Fix RTK,47.2749241510,-1.5067656637

$GPS,Rover,09:17:07,4,Fix RTK,47.2749241310,-1.5067656655

$GPS,_Base,09:17:08,1,Fix GPS,47.2748814273,-1.5066764360

$GPS,Rover,09:17:08,4,Fix RTK,47.2749241597,-1.5067656670

$GPS,_Base,09:17:09,1,Fix GPS,47.2748813510,-1.5066768253

$GPS,Rover,09:17:09,4,Fix RTK,47.2749241510,-1.5067656678
PAIR > $PAIR010,0,0,2382,465447*30


$GPS,Rover,09:17:10,4,Fix RTK,47.2749241477,-1.5067656643

$GPS,Rover,09:17:11,4,Fix RTK,47.2749241447,-1.5067656712

$GPS,_Base,09:17:12,1,Fix GPS,47.2748811287,-1.5066782648

$GPS,Rover,09:17:12,4,Fix RTK,47.2749241435,-1.5067656725

$GPS,_Base,09:17:13,1,Fix GPS,47.2748811185,-1.5066786577

$GPS,Rover,09:17:13,4,Fix RTK,47.2749241382,-1.5067656708

$GPS,Rover,09:17:14,4,Fix RTK,47.2749241473,-1.5067656533

$GPS,Rover,09:17:15,4,Fix RTK,47.2749241433,-1.5067656633

$GPS,Rover,09:17:16,4,Fix RTK,47.2749241342,-1.5067656712

$GPS,_Base,09:17:17,1,Fix GPS,47.2748815237,-1.5066791757

$GPS,Rover,09:17:17,4,Fix RTK,47.2749241303,-1.5067656603

$GPS,Rover,09:17:18,4,Fix RTK,47.2749241525,-1.5067656493

$GPS,Rover,09:17:19,4,Fix RTK,47.2749241490,-1.5067656695

$GPS,Rover,09:17:20,4,Fix RTK,47.2749241577,-1.5067656415

$GPS,_Base,09:17:21,1,Fix GPS,47.2748822480,-1.5066782370

$GPS,Rover,09:17:21,4,Fix RTK,47.2749241357,-1.5067656528

$GPS,Rover,09:17:22,4,Fix RTK,47.2749241415,-1.5067656598

$GPS,_Base,09:17:23,1,Fix GPS,47.2748825637,-1.5066770445

$GPS,Rover,09:17:23,4,Fix RTK,47.2749241477,-1.5067656540

$GPS,_Base,09:17:24,1,Fix GPS,47.2748827555,-1.5066763838

$GPS,Rover,09:17:24,4,Fix RTK,47.2749241387,-1.5067656580

$GPS,_Base,09:17:25,1,Fix GPS,47.2748830133,-1.5066757268

$GPS,Rover,09:17:25,4,Fix RTK,47.2749241403,-1.5067656560

$GPS,_Base,09:17:26,1,Fix GPS,47.2748832102,-1.5066750697

$GPS,Rover,09:17:26,4,Fix RTK,47.2749241577,-1.5067656508

$GPS,Rover,09:17:27,4,Fix RTK,47.2749241380,-1.5067656373

$GPS,Rover,09:17:28,4,Fix RTK,47.2749241345,-1.5067656232

$GPS,_Base,09:17:29,1,Fix GPS,47.2748833713,-1.5066736303

$GPS,Rover,09:17:29,4,Fix RTK,47.2749241508,-1.5067656552

$GPS,_Base,09:17:30,1,Fix GPS,47.2748833933,-1.5066731123

$GPS,Rover,09:17:30,4,Fix RTK,47.2749241483,-1.5067656652

$GPS,Rover,09:17:31,4,Fix RTK,47.2749241443,-1.5067656535

$GPS,Rover,09:17:32,4,Fix RTK,47.2749241608,-1.5067656555

$GPS,Rover,09:17:33,4,Fix RTK,47.2749241483,-1.5067656503

$GPS,_Base,09:17:34,1,Fix GPS,47.2748840948,-1.5066715755

$GPS,Rover,09:17:34,4,Fix RTK,47.2749241393,-1.5067656555

$GPS,Rover,09:17:35,4,Fix RTK,47.2749241427,-1.5067656527

$GPS,Rover,09:17:36,4,Fix RTK,47.2749241577,-1.5067656428

$GPS,Rover,09:17:37,4,Fix RTK,47.2749241542,-1.5067656460

$GPS,_Base,09:17:38,1,Fix GPS,47.2748852298,-1.5066711097

$GPS,Rover,09:17:38,4,Fix RTK,47.2749241395,-1.5067656337

$GPS,_Base,09:17:39,1,Fix GPS,47.2748855668,-1.5066709983

$GPS,Rover,09:17:39,4,Fix RTK,47.2749241517,-1.5067656420

$GPS,Rover,09:17:40,4,Fix RTK,47.2749241572,-1.5067656415

$GPS,Rover,09:17:41,4,Fix RTK,47.2749241560,-1.5067656430

$GPS,_Base,09:17:42,1,Fix GPS,47.2748864933,-1.5066709150

$GPS,Rover,09:17:42,4,Fix RTK,47.2749241457,-1.5067656370

$GPS,Rover,09:17:43,4,Fix RTK,47.2749241858,-1.5067656385

$GPS,Rover,09:17:44,4,Fix RTK,47.2749241652,-1.5067656403

$GPS,Rover,09:17:45,4,Fix RTK,47.2749241557,-1.5067656318

$GPS,Rover,09:17:46,4,Fix RTK,47.2749241792,-1.5067656383

$GPS,_Base,09:17:47,1,Fix GPS,47.2748877517,-1.5066695590

$GPS,Rover,09:17:47,4,Fix RTK,47.2749241658,-1.5067656290

$GPS,Rover,09:17:48,4,Fix RTK,47.2749241730,-1.5067656268

$GPS,Rover,09:17:49,4,Fix RTK,47.2749241647,-1.5067656442

$GPS,Rover,09:17:50,4,Fix RTK,47.2749241622,-1.5067656410

$GPS,_Base,09:17:51,1,Fix GPS,47.2748878987,-1.5066684187

$GPS,Rover,09:17:51,4,Fix RTK,47.2749241703,-1.5067656440

$GPS,_Base,09:17:52,1,Fix GPS,47.2748877223,-1.5066682900

$GPS,Rover,09:17:52,4,Fix RTK,47.2749241600,-1.5067656322

$GPS,Rover,09:17:53,4,Fix RTK,47.2749241678,-1.5067656618

$GPS,Rover,09:17:54,4,Fix RTK,47.2749241585,-1.5067656607

$GPS,_Base,09:17:55,1,Fix GPS,47.2748873088,-1.5066676328

$GPS,Rover,09:17:55,4,Fix RTK,47.2749241722,-1.5067656500

$GPS,_Base,09:17:56,1,Fix GPS,47.2748871325,-1.5066675042

$GPS,Rover,09:17:56,4,Fix RTK,47.2749241767,-1.5067656417

$GPS,Rover,09:17:57,4,Fix RTK,47.2749241723,-1.5067656647

$GPS,Rover,09:17:58,4,Fix RTK,47.2749241840,-1.5067656468

$GPS,_Base,09:17:59,1,Fix GPS,47.2748867038,-1.5066672365

$GPS,Rover,09:17:59,4,Fix RTK,47.2749241613,-1.5067656642

$GPS,_Base,09:18:00,1,Fix GPS,47.2748866377,-1.5066672330

$GPS,Rover,09:18:00,4,Fix RTK,47.2749241790,-1.5067656552

$GPS,Rover,09:18:01,4,Fix RTK,47.2749241770,-1.5067656570

$GPS,Rover,09:18:02,4,Fix RTK,47.2749241547,-1.5067656600

$GPS,Rover,09:18:03,4,Fix RTK,47.2749241800,-1.5067656490

$GPS,_Base,09:18:04,1,Fix GPS,47.2748863140,-1.5066674868

$GPS,Rover,09:18:04,4,Fix RTK,47.2749241822,-1.5067656778

$GPS,Rover,09:18:05,4,Fix RTK,47.2749241850,-1.5067656758

$GPS,Rover,09:18:06,4,Fix RTK,47.2749241980,-1.5067656677

$GPS,Rover,09:18:07,4,Fix RTK,47.2749242010,-1.5067656597

$GPS,_Base,09:18:08,1,Fix GPS,47.2748859023,-1.5066682552

$GPS,Rover,09:18:08,4,Fix RTK,47.2749241782,-1.5067656660

$GPS,_Base,09:18:09,1,Fix GPS,47.2748857073,-1.5066683803

$GPS,Rover,09:18:09,4,Fix RTK,47.2749241795,-1.5067656525
PAIR > $PAIR010,0,0,2382,465507*35


$GPS,Rover,09:18:10,4,Fix RTK,47.2749242075,-1.5067656748

$GPS,Rover,09:18:11,4,Fix RTK,47.2749241917,-1.5067656658

$GPS,_Base,09:18:12,1,Fix GPS,47.2748848722,-1.5066684847

$GPS,Rover,09:18:12,4,Fix RTK,47.2749241987,-1.5067656768

$GPS,_Base,09:18:13,1,Fix GPS,47.2748846738,-1.5066688742

$GPS,Rover,09:18:13,4,Fix RTK,47.2749241925,-1.5067656763

$GPS,Rover,09:18:14,4,Fix RTK,47.2749241778,-1.5067656620

$GPS,Rover,09:18:15,4,Fix RTK,47.2749241855,-1.5067656760

$GPS,Rover,09:18:16,4,Fix RTK,47.2749241785,-1.5067656545

$GPS,_Base,09:18:17,1,Fix GPS,47.2748837467,-1.5066701570

$GPS,Rover,09:18:17,4,Fix RTK,47.2749241798,-1.5067656627

$GPS,Rover,09:18:18,4,Fix RTK,47.2749241918,-1.5067656702

$GPS,Rover,09:18:19,4,Fix RTK,47.2749241850,-1.5067656617

$GPS,_Base,09:18:20,1,Fix GPS,47.2748835892,-1.5066709323

$GPS,Rover,09:18:20,4,Fix RTK,47.2749242113,-1.5067656922

$GPS,_Base,09:18:21,1,Fix GPS,47.2748833875,-1.5066711862

$GPS,Rover,09:18:21,4,Fix RTK,47.2749242028,-1.5067656555

$GPS,Rover,09:18:22,4,Fix RTK,47.2749241908,-1.5067656640

$GPS,Rover,09:18:23,4,Fix RTK,47.2749241823,-1.5067656607

$GPS,Rover,09:18:24,4,Fix RTK,47.2749241955,-1.5067656538

$GPS,_Base,09:18:25,1,Fix GPS,47.2748827070,-1.5066707377

$GPS,Rover,09:18:25,4,Fix RTK,47.2749241773,-1.5067656693

$GPS,_Base,09:18:26,1,Fix GPS,47.2748826835,-1.5066709880

$GPS,Rover,09:18:26,4,Fix RTK,47.2749241805,-1.5067656627

$GPS,Rover,09:18:27,4,Fix RTK,47.2749241893,-1.5067656622

$GPS,Rover,09:18:28,4,Fix RTK,47.2749241660,-1.5067656685

$GPS,_Base,09:18:29,1,Fix GPS,47.2748825227,-1.5066712278

$GPS,Rover,09:18:29,4,Fix RTK,47.2749241608,-1.5067656662

$GPS,_Base,09:18:30,1,Fix GPS,47.2748825838,-1.5066712278

$GPS,Rover,09:18:30,4,Fix RTK,47.2749241787,-1.5067656865

$GPS,Rover,09:18:31,4,Fix RTK,47.2749241717,-1.5067656765

$GPS,Rover,09:18:32,4,Fix RTK,47.2749241673,-1.5067656732

$GPS,_Base,09:18:33,1,Fix GPS,47.2748831922,-1.5066717598

$GPS,Rover,09:18:33,4,Fix RTK,47.2749241748,-1.5067656590

$GPS,_Base,09:18:34,1,Fix GPS,47.2748833752,-1.5066717598

$GPS,Rover,09:18:34,4,Fix RTK,47.2749241770,-1.5067656828

$GPS,Rover,09:18:35,4,Fix RTK,47.2749241675,-1.5067656685

$GPS,Rover,09:18:36,4,Fix RTK,47.2749241725,-1.5067656775

$GPS,Rover,09:18:37,4,Fix RTK,47.2749241690,-1.5067656652

$GPS,_Base,09:18:38,1,Fix GPS,47.2748837715,-1.5066733382

$GPS,Rover,09:18:38,4,Fix RTK,47.2749241755,-1.5067656687

$GPS,Rover,09:18:39,4,Fix RTK,47.2749241605,-1.5067656523

$GPS,Rover,09:18:40,4,Fix RTK,47.2749241562,-1.5067656635

$GPS,Rover,09:18:41,4,Fix RTK,47.2749241637,-1.5067656588

$GPS,_Base,09:18:42,1,Fix GPS,47.2748835190,-1.5066747567

$GPS,Rover,09:18:42,4,Fix RTK,47.2749241595,-1.5067656457

$GPS,_Base,09:18:43,1,Fix GPS,47.2748831920,-1.5066748750

$GPS,Rover,09:18:43,4,Fix RTK,47.2749241617,-1.5067656747

$GPS,Rover,09:18:44,4,Fix RTK,47.2749241750,-1.5067656570

$GPS,Rover,09:18:45,4,Fix RTK,47.2749241650,-1.5067656327

$GPS,_Base,09:18:46,1,Fix GPS,47.2748818927,-1.5066750870

$GPS,Rover,09:18:46,4,Fix RTK,47.2749241595,-1.5067656602

$GPS,_Base,09:18:47,1,Fix GPS,47.2748815657,-1.5066752053

$GPS,Rover,09:18:47,4,Fix RTK,47.2749241640,-1.5067656683

$GPS,Rover,09:18:48,4,Fix RTK,47.2749241522,-1.5067656503

$GPS,Rover,09:18:49,4,Fix RTK,47.2749241437,-1.5067656602

$GPS,_Base,09:18:50,1,Fix GPS,47.2748808157,-1.5066750175

$GPS,Rover,09:18:50,4,Fix RTK,47.2749241417,-1.5067656523

$GPS,_Base,09:18:51,1,Fix GPS,47.2748807295,-1.5066750002

$GPS,Rover,09:18:51,4,Fix RTK,47.2749241627,-1.5067656567

$GPS,_Base,09:18:52,1,Fix GPS,47.2748805840,-1.5066748507

$GPS,Rover,09:18:52,4,Fix RTK,47.2749241655,-1.5067656545

$GPS,Rover,09:18:53,4,Fix RTK,47.2749241533,-1.5067656573

$GPS,Rover,09:18:54,4,Fix RTK,47.2749241528,-1.5067656308

$GPS,_Base,09:18:55,1,Fix GPS,47.2748805985,-1.5066741518

$GPS,Rover,09:18:55,4,Fix RTK,47.2749241517,-1.5067656465

$GPS,Rover,09:18:56,4,Fix RTK,47.2749241473,-1.5067656550

$GPS,Rover,09:18:57,4,Fix RTK,47.2749241640,-1.5067656327

$GPS,Rover,09:18:58,4,Fix RTK,47.2749241613,-1.5067656288

$GPS,_Base,09:18:59,1,Fix GPS,47.2748803758,-1.5066729247

$GPS,Rover,09:18:59,4,Fix RTK,47.2749241720,-1.5067656513

$GPS,Rover,09:19:00,4,Fix RTK,47.2749241538,-1.5067656200

$GPS,Rover,09:19:01,4,Fix RTK,47.2749241617,-1.5067656282

$GPS,_Base,09:19:02,1,Fix GPS,47.2748800918,-1.5066720972

$GPS,Rover,09:19:02,4,Fix RTK,47.2749241680,-1.5067656430

$GPS,_Base,09:19:03,1,Fix GPS,47.2748801495,-1.5066719617

$GPS,Rover,09:19:03,4,Fix RTK,47.2749241415,-1.5067656110

$GPS,_Base,09:19:04,1,Fix GPS,47.2748800177,-1.5066715548

$GPS,Rover,09:19:04,4,Fix RTK,47.2749241475,-1.5067656342

$GPS,Rover,09:19:05,4,Fix RTK,47.2749241540,-1.5067656273

$GPS,_Base,09:19:06,1,Fix GPS,47.2748798212,-1.5066714123

$GPS,Rover,09:19:06,4,Fix RTK,47.2749241583,-1.5067656220

$GPS,Rover,09:19:07,4,Fix RTK,47.2749241507,-1.5067656248

$GPS,_Base,09:19:08,1,Fix GPS,47.2748797535,-1.5066715410

$GPS,Rover,09:19:08,4,Fix RTK,47.2749241543,-1.5067656220

$GPS,Rover,09:19:09,4,Fix RTK,47.2749241433,-1.5067656248
PAIR > $PAIR010,0,0,2382,465567*33


$GPS,Rover,09:19:10,4,Fix RTK,47.2749241535,-1.5067656212

$GPS,Rover,09:19:11,4,Fix RTK,47.2749241400,-1.5067656182

$GPS,_Base,09:19:12,1,Fix GPS,47.2748805325,-1.5066718400

$GPS,Rover,09:19:12,4,Fix RTK,47.2749241422,-1.5067656105

$GPS,Rover,09:19:13,4,Fix RTK,47.2749241352,-1.5067656122

$GPS,Rover,09:19:14,4,Fix RTK,47.2749241405,-1.5067656050

$GPS,Rover,09:19:15,4,Fix RTK,47.2749241438,-1.5067656255

$GPS,_Base,09:19:16,1,Fix GPS,47.2748814707,-1.5066735887

$GPS,Rover,09:19:16,4,Fix RTK,47.2749241173,-1.5067656233

$GPS,_Base,09:19:17,1,Fix GPS,47.2748816025,-1.5066739955

$GPS,Rover,09:19:17,4,Fix RTK,47.2749241377,-1.5067656207

$GPS,Rover,09:19:18,4,Fix RTK,47.2749241388,-1.5067656057

$GPS,Rover,09:19:19,4,Fix RTK,47.2749241393,-1.5067655943

$GPS,_Base,09:19:20,1,Fix GPS,47.2748816255,-1.5066749447

$GPS,Rover,09:19:20,4,Fix RTK,47.2749241420,-1.5067655875

$GPS,_Base,09:19:21,1,Fix GPS,47.2748815102,-1.5066748160

$GPS,Rover,09:19:21,4,Fix RTK,47.2749241278,-1.5067655983

$GPS,Rover,09:19:22,4,Fix RTK,47.2749241363,-1.5067656030

$GPS,Rover,09:19:23,4,Fix RTK,47.2749241415,-1.5067655997

$GPS,Rover,09:19:24,4,Fix RTK,47.2749241243,-1.5067656158

$GPS,_Base,09:19:25,1,Fix GPS,47.2748808127,-1.5066756398

$GPS,Rover,09:19:25,4,Fix RTK,47.2749241320,-1.5067656078

$GPS,Rover,09:19:26,4,Fix RTK,47.2749241502,-1.5067656002

$GPS,Rover,09:19:27,4,Fix RTK,47.2749241380,-1.5067655855

$GPS,Rover,09:19:28,4,Fix RTK,47.2749241345,-1.5067656015

$GPS,Rover,09:19:29,4,Fix RTK,47.2749241458,-1.5067656038

$GPS,_Base,09:19:30,1,Fix GPS,47.2748797067,-1.5066762100

$GPS,Rover,09:19:30,4,Fix RTK,47.2749241317,-1.5067655930

$GPS,Rover,09:19:31,4,Fix RTK,47.2749241322,-1.5067656178

$GPS,Rover,09:19:32,4,Fix RTK,47.2749241308,-1.5067655798

$GPS,_Base,09:19:33,1,Fix GPS,47.2748791755,-1.5066767558

$GPS,Rover,09:19:33,4,Fix RTK,47.2749241593,-1.5067656180

$GPS,_Base,09:19:34,1,Fix GPS,47.2748789380,-1.5066770270

$GPS,Rover,09:19:34,4,Fix RTK,47.2749241503,-1.5067656217

$GPS,Rover,09:19:35,4,Fix RTK,47.2749241488,-1.5067656027

$GPS,Rover,09:19:36,4,Fix RTK,47.2749241333,-1.5067656072

$GPS,Rover,09:19:37,4,Fix RTK,47.2749241465,-1.5067656135

$GPS,_Base,09:19:38,1,Fix GPS,47.2748780340,-1.5066777015

$GPS,Rover,09:19:38,4,Fix RTK,47.2749241593,-1.5067656202

$GPS,Rover,09:19:39,4,Fix RTK,47.2749241382,-1.5067655842

$GPS,Rover,09:19:40,4,Fix RTK,47.2749241480,-1.5067655727

$GPS,Rover,09:19:41,4,Fix RTK,47.2749241425,-1.5067656060

$GPS,_Base,09:19:42,1,Fix GPS,47.2748776032,-1.5066783657

$GPS,Rover,09:19:42,4,Fix RTK,47.2749241305,-1.5067655732

$GPS,_Base,09:19:43,1,Fix GPS,47.2748777945,-1.5066785047

$GPS,Rover,09:19:43,4,Fix RTK,47.2749241593,-1.5067655917

$GPS,Rover,09:19:44,4,Fix RTK,47.2749241298,-1.5067655918

$GPS,Rover,09:19:45,4,Fix RTK,47.2749241373,-1.5067656042

$GPS,_Base,09:19:46,1,Fix GPS,47.2748782845,-1.5066783725

$GPS,Rover,09:19:46,4,Fix RTK,47.2749241470,-1.5067655922

$GPS,_Base,09:19:47,1,Fix GPS,47.2748784083,-1.5066782405

$GPS,Rover,09:19:47,4,Fix RTK,47.2749241568,-1.5067656178

$GPS,Rover,09:19:48,4,Fix RTK,47.2749241332,-1.5067655865

$GPS,Rover,09:19:49,4,Fix RTK,47.2749241390,-1.5067656078

$GPS,_Base,09:19:50,1,Fix GPS,47.2748792202,-1.5066779867

$GPS,Rover,09:19:50,4,Fix RTK,47.2749241245,-1.5067656080

$GPS,_Base,09:19:51,1,Fix GPS,47.2748795303,-1.5066779902

$GPS,Rover,09:19:51,4,Fix RTK,47.2749241327,-1.5067656103

$GPS,Rover,09:19:52,4,Fix RTK,47.2749241277,-1.5067656032

$GPS,Rover,09:19:53,4,Fix RTK,47.2749241230,-1.5067656110

$GPS,_Base,09:19:54,1,Fix GPS,47.2748801473,-1.5066778615

$GPS,Rover,09:19:54,4,Fix RTK,47.2749241355,-1.5067656053

$GPS,_Base,09:19:55,1,Fix GPS,47.2748803340,-1.5066775972

$GPS,Rover,09:19:55,4,Fix RTK,47.2749241303,-1.5067656137

$GPS,Rover,09:19:56,4,Fix RTK,47.2749241455,-1.5067655967

$GPS,Rover,09:19:57,4,Fix RTK,47.2749241380,-1.5067656067

$GPS,Rover,09:19:58,4,Fix RTK,47.2749241565,-1.5067656197

$GPS,_Base,09:19:59,1,Fix GPS,47.2748804333,-1.5066758485

$GPS,Rover,09:19:59,4,Fix RTK,47.2749241275,-1.5067655945

$GPS,Rover,09:20:00,4,Fix RTK,47.2749241413,-1.5067655858

$GPS,Rover,09:20:01,4,Fix RTK,47.2749241472,-1.5067655963

$GPS,Rover,09:20:02,4,Fix RTK,47.2749241330,-1.5067655968

$GPS,_Base,09:20:03,1,Fix GPS,47.2748805257,-1.5066750280

$GPS,Rover,09:20:03,4,Fix RTK,47.2749241318,-1.5067655928

$GPS,_Base,09:20:04,1,Fix GPS,47.2748805140,-1.5066747533

$GPS,Rover,09:20:04,4,Fix RTK,47.2749241452,-1.5067655920

$GPS,Rover,09:20:05,4,Fix RTK,47.2749241435,-1.5067656293

$GPS,Rover,09:20:06,4,Fix RTK,47.2749241375,-1.5067656123

$GPS,_Base,09:20:07,1,Fix GPS,47.2748807825,-1.5066744613

$GPS,Rover,09:20:07,4,Fix RTK,47.2749241607,-1.5067656230

$GPS,_Base,09:20:08,1,Fix GPS,47.2748808182,-1.5066748437

$GPS,Rover,09:20:08,4,Fix RTK,47.2749241315,-1.5067656177

$GPS,Rover,09:20:09,4,Fix RTK,47.2749241528,-1.5067656162
PAIR > $PAIR010,0,0,2382,465627*34


$GPS,Rover,09:20:10,4,Fix RTK,47.2749241443,-1.5067656073

$GPS,Rover,09:20:11,4,Fix RTK,47.2749241618,-1.5067656093

$GPS,_Base,09:20:12,1,Fix GPS,47.2748812097,-1.5066771767

$GPS,Rover,09:20:12,4,Fix RTK,47.2749241622,-1.5067656138

$GPS,_Base,09:20:13,1,Fix GPS,47.2748812522,-1.5066774305

$GPS,Rover,09:20:13,4,Fix RTK,47.2749241578,-1.5067656115

$GPS,Rover,09:20:14,4,Fix RTK,47.2749241565,-1.5067656150

$GPS,Rover,09:20:15,4,Fix RTK,47.2749241463,-1.5067656272

$GPS,_Base,09:20:16,1,Fix GPS,47.2748813322,-1.5066779345

$GPS,Rover,09:20:16,4,Fix RTK,47.2749241462,-1.5067656110

$GPS,Rover,09:20:17,4,Fix RTK,47.2749241545,-1.5067656473

$GPS,Rover,09:20:18,4,Fix RTK,47.2749241645,-1.5067656077

$GPS,Rover,09:20:19,4,Fix RTK,47.2749241687,-1.5067656325

$GPS,_Base,09:20:20,1,Fix GPS,47.2748817305,-1.5066785812

$GPS,Rover,09:20:20,4,Fix RTK,47.2749241720,-1.5067656205

$GPS,_Base,09:20:21,1,Fix GPS,47.2748818508,-1.5066787133

$GPS,Rover,09:20:21,4,Fix RTK,47.2749241600,-1.5067656165

$GPS,Rover,09:20:22,4,Fix RTK,47.2749241570,-1.5067656215

$GPS,Rover,09:20:23,4,Fix RTK,47.2749241627,-1.5067656385

$GPS,_Base,09:20:24,1,Fix GPS,47.2748823740,-1.5066791375

$GPS,Rover,09:20:24,4,Fix RTK,47.2749241803,-1.5067656577

$GPS,_Base,09:20:25,1,Fix GPS,47.2748825045,-1.5066792765

$GPS,Rover,09:20:25,4,Fix RTK,47.2749241743,-1.5067656420

$GPS,Rover,09:20:26,4,Fix RTK,47.2749241558,-1.5067656495

$GPS,Rover,09:20:27,4,Fix RTK,47.2749241535,-1.5067656445

$GPS,Rover,09:20:28,4,Fix RTK,47.2749241840,-1.5067656038

$GPS,_Base,09:20:29,1,Fix GPS,47.2748823730,-1.5066799788

$GPS,Rover,09:20:29,4,Fix RTK,47.2749241760,-1.5067656465

$GPS,Rover,09:20:30,4,Fix RTK,47.2749241823,-1.5067656743

$GPS,Rover,09:20:31,4,Fix RTK,47.2749242028,-1.5067656417

$GPS,Rover,09:20:32,4,Fix RTK,47.2749241723,-1.5067656515

$GPS,_Base,09:20:33,1,Fix GPS,47.2748822262,-1.5066799127

$GPS,Rover,09:20:33,4,Fix RTK,47.2749241923,-1.5067656537

$GPS,Rover,09:20:34,4,Fix RTK,47.2749241643,-1.5067656338

$GPS,Rover,09:20:35,4,Fix RTK,47.2749241762,-1.5067656493

$GPS,Rover,09:20:36,4,Fix RTK,47.2749241880,-1.5067656385

$GPS,_Base,09:20:37,1,Fix GPS,47.2748824265,-1.5066809002

$GPS,Rover,09:20:37,4,Fix RTK,47.2749241677,-1.5067656300

$GPS,_Base,09:20:38,1,Fix GPS,47.2748826227,-1.5066814425

$GPS,Rover,09:20:38,4,Fix RTK,47.2749241812,-1.5067656377

$GPS,Rover,09:20:39,4,Fix RTK,47.2749241757,-1.5067656300

$GPS,Rover,09:20:40,4,Fix RTK,47.2749241660,-1.5067656387

$GPS,_Base,09:20:41,1,Fix GPS,47.2748826830,-1.5066830417

$GPS,Rover,09:20:41,4,Fix RTK,47.2749241730,-1.5067656410
